// Jest Snapshot v1, https://goo.gl/fbAQLP

exports[`AlbumsView displays an empty Component 1`] = `
<div
  class="pho-content-wrapper"
  data-testid="album-pho-content-wrapper"
>
  <div
    class="pho-content-header"
  >
    <h2
      class="pho-content-title"
      data-testid="pho-content-title"
    >
      Nav.albums
    </h2>
    <div
      class="pho-toolbar"
      data-testid="pho-toolbar-albums"
      role="toolbar"
    >
      <div
        class="u-hide--mob"
      >
        <a
          class="styles__c-btn___-2Vnj styles__c-btn--secondary___3Br_N"
          data-testid="album-add"
          href="#/albums/new"
        >
          <span>
            <svg
              aria-hidden="true"
              class="styles__icon___23x3R"
              focusable="false"
              height="16"
              viewBox="0 0 16 16"
              width="16"
            >
              <path
                d="M1 3.01A3.005 3.005 0 014.003 0h9.99C14.55 0 15 .444 15 1c0 .552-.456 1-1.002 1H4.002a.999.999 0 100 2h9.996C14.55 4 15 4.456 15 5.002v9.996C15 15.55 14.55 16 13.993 16h-9.99A3 3 0 011 12.99V3.01zM8 6h2v3h3v2h-3v3H8v-3H5V9h3V6z"
                fill-rule="evenodd"
              />
            </svg>
            <span>
              Toolbar.album_new
            </span>
          </span>
        </a>
      </div>
      <div
        class="styles__c-menu___2YTiU styles__c-menu--right___3wxbb pho-toolbar-menu u-hide--desk"
      >
        <button
          class="styles__c-btn___-2Vnj styles__c-btn--secondary___3Br_N styles__c-btn--narrow___27FHD styles__c-btn--center___16_Xh dri-btn--more"
          data-testid="more-button"
          title="More"
          type="submit"
        >
          <span>
            <svg
              aria-hidden="true"
              class="styles__icon___23x3R"
              focusable="false"
              height="16"
              viewBox="0 0 16 16"
              width="16"
            >
              <path
                d="M2 10a2 2 0 100-4 2 2 0 000 4zm12 0a2 2 0 100-4 2 2 0 000 4zm-6 0a2 2 0 100-4 2 2 0 000 4z"
                fill-rule="evenodd"
              />
            </svg>
            <span
              class="u-visuallyhidden"
            >
              More
            </span>
          </span>
        </button>
      </div>
    </div>
  </div>
  <div
    class="styles__c-empty-container___1LpH9 empty"
    data-testid="empty-folder"
  >
    <svg
      class="styles__c-empty-img___2GC4d styles__icon___23x3R"
      height="100%"
      viewBox="0 0 32 32"
      width="100%"
    >
      <g
        fill="none"
        fill-rule="evenodd"
        transform="translate(0 3)"
      >
        <rect
          fill="#8EE39B"
          height="26"
          rx="2"
          width="32"
        />
        <path
          d="M0 20l6.29-6.29a.999.999 0 011.416-.004L11 17l8.294-8.294a1.003 1.003 0 011.412 0L32 20v4.002C32 25.106 31.11 26 29.998 26H2.002A2.002 2.002 0 010 24.002V20z"
          fill="#1EC737"
        />
        <circle
          cx="8"
          cy="7"
          fill="#FFF"
          r="3"
        />
        <path
          d="M11 16l-5.5 5.5L11 16z"
          stroke="#8EE39B"
          stroke-linecap="round"
          stroke-linejoin="round"
        />
      </g>
    </svg>
    <h3
      class="MuiTypography-root MuiTypography-h3 MuiTypography-colorTextPrimary MuiTypography-gutterBottom"
    >
      empty.albums_title
    </h3>
    <p
      class="MuiTypography-root MuiTypography-body1 MuiTypography-colorTextSecondary MuiTypography-gutterBottom"
    >
      empty.albums_text
    </p>
    <div
      class="styles__c-empty-text___3HnvR"
    />
  </div>
</div>
`;
