// Jest Snapshot v1, https://goo.gl/fbAQLP

exports[`Breadcrumbs template should match snapshot 1`] = `
<div>
  <div
    class="fil-path-backdrop"
  >
    <h2
      class="fil-path-title"
      data-testid="path-title"
    >
      <span
        class="fil-path-link"
      >
        <span
          class="fil-path-link-name"
        >
          Drive
        </span>
        <svg
          class="fil-path-separator styles__icon___23x3R"
          height="16"
          viewBox="0 0 16 16"
          width="16"
        >
          <path
            d="M8.6 8L4.7 4.1a.948.948 0 01-.275-.7c0-.284.092-.517.275-.7a.948.948 0 01.7-.275c.283 0 .517.091.7.275l4.6 4.6c.1.1.17.208.213.325.041.116.062.241.062.375 0 .133-.02.258-.063.375a.878.878 0 01-.212.325l-4.6 4.6a.948.948 0 01-.7.275.948.948 0 01-.7-.275.948.948 0 01-.275-.7c0-.284.092-.517.275-.7L8.6 8z"
          />
        </svg>
      </span>
      <span
        class="fil-path-link"
      >
        <span
          class="fil-path-link-name"
        >
          grandParent
        </span>
        <svg
          class="fil-path-separator styles__icon___23x3R"
          height="16"
          viewBox="0 0 16 16"
          width="16"
        >
          <path
            d="M8.6 8L4.7 4.1a.948.948 0 01-.275-.7c0-.284.092-.517.275-.7a.948.948 0 01.7-.275c.283 0 .517.091.7.275l4.6 4.6c.1.1.17.208.213.325.041.116.062.241.062.375 0 .133-.02.258-.063.375a.878.878 0 01-.212.325l-4.6 4.6a.948.948 0 01-.7.275.948.948 0 01-.7-.275.948.948 0 01-.275-.7c0-.284.092-.517.275-.7L8.6 8z"
          />
        </svg>
      </span>
      <span
        class="fil-path-link"
      >
        <span
          class="fil-path-link-name"
        >
          parent
        </span>
        <svg
          class="fil-path-separator styles__icon___23x3R"
          height="16"
          viewBox="0 0 16 16"
          width="16"
        >
          <path
            d="M8.6 8L4.7 4.1a.948.948 0 01-.275-.7c0-.284.092-.517.275-.7a.948.948 0 01.7-.275c.283 0 .517.091.7.275l4.6 4.6c.1.1.17.208.213.325.041.116.062.241.062.375 0 .133-.02.258-.063.375a.878.878 0 01-.212.325l-4.6 4.6a.948.948 0 01-.7.275.948.948 0 01-.7-.275.948.948 0 01-.275-.7c0-.284.092-.517.275-.7L8.6 8z"
          />
        </svg>
      </span>
      <span
        class="fil-path-current"
      >
        <span
          class="fil-path-current-name"
        >
          current
        </span>
        <span
          class="fil-path-down"
        />
      </span>
    </h2>
  </div>
</div>
`;
