// Jest Snapshot v1, https://goo.gl/fbAQLP

exports[`RecentContainer should match the snapshot 1`] = `
<FolderViewWithSharingContext
  additionalProp="foobar"
  canCreateFolder={false}
  canDrop={false}
  canMove={false}
  canSort={false}
  canUpload={false}
  isTrashContext={false}
  withFilePath={true}
/>
`;
