// Jest Snapshot v1, https://goo.gl/fbAQLP

exports[`ErrorUnshared should match the snapshot 1`] = `
<div
  className="pho-public-layout pho-public-layout--full u-pt-3"
  data-testid="pho-public-layout"
>
  <Main
    className="u-pt-1-half"
  >
    <ErrorShare
      errorType="public_album_unshared"
    />
  </Main>
</div>
`;
