exports[`Toolbar component should be rendered correctly 1`] = `
<div
  className="pho-toolbar"
  role="toolbar">
  <_translate
    disabled={false}
    onUpload={undefined} />
  <BMenuButton>
    <button
      className="coz-btn coz-btn--more"
      disabled={false}
      role="button">
      <span
        className="coz-hidden">
        More
      </span>
    </button>
    <BListbox
      className="coz-menu">
      <Item>
        <a
          className="pho-action-select"
          onClick={undefined}>
          Select photos
        </a>
      </Item>
    </BListbox>
  </BMenuButton>
</div>
`;
