exports[`Toolbar component should be rendered correctly 1`] = `
<div
  className="pho-toolbar"
  role="toolbar">
  <_translate
    className="coz-desktop"
    disabled={false}
    label="Upload"
    onUpload={undefined} />
  <BMenuButton
    className="coz-mobile">
    <button
      className="coz-btn coz-btn--more coz-btn--more"
      disabled={false}
      role="button">
      <span
        className="coz-hidden">
        More
      </span>
    </button>
    <BListbox
      className="coz-menu">
      <Item>
        <_translate
          disabled={false}
          label="Upload photos"
          onUpload={undefined}
          type="menu-item" />
      </Item>
      <hr />
      <Item>
        <a
          className="pho-action-select coz-mobile"
          onClick={undefined}>
          Select photos
        </a>
      </Item>
    </BListbox>
  </BMenuButton>
</div>
`;
