exports[`UploadButton component should be handled correctly the input onChange for uploadPhotos 1`] = `
ShallowWrapper {
  "complexSelector": ComplexSelector {
    "buildPredicate": [Function],
    "childrenOfNode": [Function],
    "findWhereUnwrapped": [Function],
  },
  "length": 1,
  "node": <label
    className="coz-btn coz-btn--regular coz-btn--upload"
    role="button"
    style={
        Object {
            "overflow": "hidden",
            "position": "relative",
          }
    }>
    Upload
    <input
        accept="image/*"
        multiple={true}
        onChange={[Function]}
        style={
            Object {
                "height": "100%",
                "left": 0,
                "opacity": 0,
                "position": "absolute",
                "top": 0,
                "width": "100%",
                "zIndex": 1,
              }
        }
        type="file" />
</label>,
  "nodes": Array [
    <label
      className="coz-btn coz-btn--regular coz-btn--upload"
      role="button"
      style={
            Object {
                  "overflow": "hidden",
                  "position": "relative",
                }
      }>
      Upload
      <input
            accept="image/*"
            multiple={true}
            onChange={[Function]}
            style={
                  Object {
                        "height": "100%",
                        "left": 0,
                        "opacity": 0,
                        "position": "absolute",
                        "top": 0,
                        "width": "100%",
                        "zIndex": 1,
                      }
            }
            type="file" />
</label>,
  ],
  "options": Object {},
  "renderer": ReactShallowRenderer {
    "_instance": ShallowComponentWrapper {
      "_calledComponentWillUnmount": false,
      "_compositeType": 2,
      "_context": Object {},
      "_currentElement": <Unknown
        t={[Function]}
        uploadPhotos={[Function]} />,
      "_debugID": 3,
      "_hostContainerInfo": null,
      "_hostParent": null,
      "_instance": StatelessComponent {
        "_reactInternalInstance": [Circular],
        "context": Object {},
        "props": Object {
          "t": [Function],
          "uploadPhotos": [Function],
        },
        "refs": Object {},
        "state": null,
        "updater": Object {
          "enqueueCallback": [Function],
          "enqueueCallbackInternal": [Function],
          "enqueueElementInternal": [Function],
          "enqueueForceUpdate": [Function],
          "enqueueReplaceState": [Function],
          "enqueueSetState": [Function],
          "isMounted": [Function],
          "validateCallback": [Function],
        },
      },
      "_mountOrder": 2,
      "_pendingCallbacks": null,
      "_pendingElement": null,
      "_pendingForceUpdate": false,
      "_pendingReplaceState": false,
      "_pendingStateQueue": null,
      "_renderedComponent": NoopInternalComponent {
        "_currentElement": <label
          className="coz-btn coz-btn--regular coz-btn--upload"
          role="button"
          style={
                    Object {
                              "overflow": "hidden",
                              "position": "relative",
                            }
          }>
          Upload
          <input
                    accept="image/*"
                    multiple={true}
                    onChange={[Function]}
                    style={
                              Object {
                                        "height": "100%",
                                        "left": 0,
                                        "opacity": 0,
                                        "position": "absolute",
                                        "top": 0,
                                        "width": "100%",
                                        "zIndex": 1,
                                      }
                    }
                    type="file" />
</label>,
        "_debugID": 4,
        "_renderedOutput": <label
          className="coz-btn coz-btn--regular coz-btn--upload"
          role="button"
          style={
                    Object {
                              "overflow": "hidden",
                              "position": "relative",
                            }
          }>
          Upload
          <input
                    accept="image/*"
                    multiple={true}
                    onChange={[Function]}
                    style={
                              Object {
                                        "height": "100%",
                                        "left": 0,
                                        "opacity": 0,
                                        "position": "absolute",
                                        "top": 0,
                                        "width": "100%",
                                        "zIndex": 1,
                                      }
                    }
                    type="file" />
</label>,
      },
      "_renderedNodeType": 0,
      "_rootNodeID": 0,
      "_topLevelWrapper": null,
      "_updateBatchNumber": null,
      "_warnedAboutRefsInRender": false,
    },
    "getRenderOutput": [Function],
    "render": [Function],
  },
  "root": [Circular],
  "unrendered": <Unknown
    t={[Function]}
    uploadPhotos={[Function]} />,
}
`;

exports[`UploadButton component should be rendered correctly with store 1`] = `
<label
  className="coz-btn coz-btn--regular coz-btn--upload"
  role="button"
  style={
    Object {
      "overflow": "hidden",
      "position": "relative",
    }
  }>
  Upload
  <input
    accept="image/*"
    multiple={true}
    onChange={[Function]}
    style={
      Object {
        "height": "100%",
        "left": 0,
        "opacity": 0,
        "position": "absolute",
        "top": 0,
        "width": "100%",
        "zIndex": 1,
      }
    }
    type="file" />
</label>
`;

exports[`UploadButton component should be rendered correctly without store 1`] = `
<label
  className="coz-btn coz-btn--regular coz-btn--upload"
  role="button"
  style={
    Object {
      "overflow": "hidden",
      "position": "relative",
    }
  }>
  Upload
  <input
    accept="image/*"
    multiple={true}
    onChange={[Function]}
    style={
      Object {
        "height": "100%",
        "left": 0,
        "opacity": 0,
        "position": "absolute",
        "top": 0,
        "width": "100%",
        "zIndex": 1,
      }
    }
    type="file" />
</label>
`;
