// Jest Snapshot v1, https://goo.gl/fbAQLP

exports[`Normalization function should normalize stacktraces 1`] = `
{
  "exception": {
    "values": [
      {
        "stacktrace": {
          "frames": [
            {
              "filename": "app://app.js",
              "random": 5,
            },
            {
              "filename": "/app.js",
            },
            {
              "filename": "/app.js",
            },
            {
              "filename": "[native code]",
            },
          ],
        },
      },
    ],
  },
}
`;

exports[`Normalization function should normalize the culprit 1`] = `
{
  "culprit": "app://app.js",
}
`;
