// Jest Snapshot v1, https://goo.gl/fbAQLP

exports[`should display the Searchbar 1`] = `
Object {
  "asFragment": [Function],
  "baseElement": <body>
    <div>
      <div
        class="u-flex u-flex-items-center u-flex-grow CozyTheme--normal"
      >
        <div
          class="bar-search-container"
          role="search"
        >
          <div
            aria-expanded="false"
            aria-haspopup="listbox"
            aria-owns="react-autowhatever-1"
            class="u-w-100"
            role="combobox"
          >
            <div
              class="styles__c-inputgroup___12OVJ styles__c-inputgroup--fullwidth___3nuay bar-search-input-group"
            >
              <div
                class="styles__c-inputgroup-side___60v0v"
              >
                <svg
                  aria-hidden="true"
                  class="bar-search-input-group-append styles__icon___23x3R"
                  height="16"
                  viewBox="0 0 16 16"
                  width="16"
                >
                  <path
                    d="M10.472 10H11.5l3.294 3.294a.996.996 0 010 1.412l-.088.088a1 1 0 01-1.412 0L10 11.5v-1.028a6 6 0 11.472-.472zM6 10a4 4 0 100-8 4 4 0 000 8z"
                    fill-rule="evenodd"
                  />
                </svg>
              </div>
              <div
                class="styles__c-inputgroup-main___1LP4B"
              >
                <input
                  aria-autocomplete="list"
                  aria-controls="react-autowhatever-1"
                  autocomplete="off"
                  placeholder="Search anything"
                  type="text"
                  value=""
                />
              </div>
            </div>
            <ul
              class="MuiList-root bar-search-autosuggest-suggestions-container MuiList-padding"
              id="react-autowhatever-1"
              role="listbox"
            />
          </div>
        </div>
      </div>
    </div>
  </body>,
  "container": <div>
    <div
      class="u-flex u-flex-items-center u-flex-grow CozyTheme--normal"
    >
      <div
        class="bar-search-container"
        role="search"
      >
        <div
          aria-expanded="false"
          aria-haspopup="listbox"
          aria-owns="react-autowhatever-1"
          class="u-w-100"
          role="combobox"
        >
          <div
            class="styles__c-inputgroup___12OVJ styles__c-inputgroup--fullwidth___3nuay bar-search-input-group"
          >
            <div
              class="styles__c-inputgroup-side___60v0v"
            >
              <svg
                aria-hidden="true"
                class="bar-search-input-group-append styles__icon___23x3R"
                height="16"
                viewBox="0 0 16 16"
                width="16"
              >
                <path
                  d="M10.472 10H11.5l3.294 3.294a.996.996 0 010 1.412l-.088.088a1 1 0 01-1.412 0L10 11.5v-1.028a6 6 0 11.472-.472zM6 10a4 4 0 100-8 4 4 0 000 8z"
                  fill-rule="evenodd"
                />
              </svg>
            </div>
            <div
              class="styles__c-inputgroup-main___1LP4B"
            >
              <input
                aria-autocomplete="list"
                aria-controls="react-autowhatever-1"
                autocomplete="off"
                placeholder="Search anything"
                type="text"
                value=""
              />
            </div>
          </div>
          <ul
            class="MuiList-root bar-search-autosuggest-suggestions-container MuiList-padding"
            id="react-autowhatever-1"
            role="listbox"
          />
        </div>
      </div>
    </div>
  </div>,
  "debug": [Function],
  "findAllByAltText": [Function],
  "findAllByDisplayValue": [Function],
  "findAllByLabelText": [Function],
  "findAllByPlaceholderText": [Function],
  "findAllByRole": [Function],
  "findAllByTestId": [Function],
  "findAllByText": [Function],
  "findAllByTitle": [Function],
  "findByAltText": [Function],
  "findByDisplayValue": [Function],
  "findByLabelText": [Function],
  "findByPlaceholderText": [Function],
  "findByRole": [Function],
  "findByTestId": [Function],
  "findByText": [Function],
  "findByTitle": [Function],
  "getAllByAltText": [Function],
  "getAllByDisplayValue": [Function],
  "getAllByLabelText": [Function],
  "getAllByPlaceholderText": [Function],
  "getAllByRole": [Function],
  "getAllByTestId": [Function],
  "getAllByText": [Function],
  "getAllByTitle": [Function],
  "getByAltText": [Function],
  "getByDisplayValue": [Function],
  "getByLabelText": [Function],
  "getByPlaceholderText": [Function],
  "getByRole": [Function],
  "getByTestId": [Function],
  "getByText": [Function],
  "getByTitle": [Function],
  "queryAllByAltText": [Function],
  "queryAllByDisplayValue": [Function],
  "queryAllByLabelText": [Function],
  "queryAllByPlaceholderText": [Function],
  "queryAllByRole": [Function],
  "queryAllByTestId": [Function],
  "queryAllByText": [Function],
  "queryAllByTitle": [Function],
  "queryByAltText": [Function],
  "queryByDisplayValue": [Function],
  "queryByLabelText": [Function],
  "queryByPlaceholderText": [Function],
  "queryByRole": [Function],
  "queryByTestId": [Function],
  "queryByText": [Function],
  "queryByTitle": [Function],
  "rerender": [Function],
  "unmount": [Function],
}
`;
